// Jest Snapshot v1, https://goo.gl/fbAQLP

exports[`App should render correctly in debug mode 1`] = `
<div>
  <div>
    <h4>
      Collections
    </h4>
  </div>
  <div>
    <span>
      <button>
        Female CEOs
      </button>
      <button>
        100 Most Popular
      </button>
      <button>
        Manufacturing
      </button>
      <button>
        Electronics
      </button>
    </span>
  </div>
</div>
`;
